../Core/Src/main.c:31:5:customParseRGB	40	static
../Core/Src/main.c:69:6:transmitLEDState	32	static
../Core/Src/main.c:86:5:main	32	static
../Core/Src/main.c:138:6:SystemClock_Config	88	static
../Core/Src/main.c:181:13:MX_ADC1_Init	24	static
../Core/Src/main.c:221:13:MX_ADC2_Init	24	static
../Core/Src/main.c:261:13:MX_TIM2_Init	64	static
../Core/Src/main.c:316:13:MX_USART1_UART_Init	8	static
../Core/Src/main.c:343:13:MX_GPIO_Init	40	static
../Core/Src/main.c:379:6:HAL_GPIO_EXTI_Callback	16	static
../Core/Src/main.c:395:6:HAL_UART_RxCpltCallback	88	static
../Core/Src/main.c:430:6:Error_Handler	4	static
