../Core/Src/main.c:82:5:stringcmp	16	static
../Core/Src/main.c:91:6:transmitLEDState	8	static
../Core/Src/main.c:103:5:main	8	static
../Core/Src/main.c:200:6:SystemClock_Config	88	static
../Core/Src/main.c:249:13:MX_ADC1_Init	24	static
../Core/Src/main.c:295:13:MX_ADC2_Init	24	static
../Core/Src/main.c:341:13:MX_TIM2_Init	64	static
../Core/Src/main.c:406:13:MX_USART1_UART_Init	8	static
../Core/Src/main.c:437:13:MX_GPIO_Init	40	static
../Core/Src/main.c:475:6:HAL_GPIO_EXTI_Callback	16	static
../Core/Src/main.c:485:6:HAL_UART_RxCpltCallback	144	static
../Core/Src/main.c:516:6:Error_Handler	4	static,ignoring_inline_asm
