../Core/Src/stm32f1xx_it.c:69:6:NMI_Handler	4	static
../Core/Src/stm32f1xx_it.c:82:6:HardFault_Handler	4	static
../Core/Src/stm32f1xx_it.c:95:6:MemManage_Handler	4	static
../Core/Src/stm32f1xx_it.c:108:6:BusFault_Handler	4	static
../Core/Src/stm32f1xx_it.c:121:6:UsageFault_Handler	4	static
../Core/Src/stm32f1xx_it.c:134:6:SVC_Handler	4	static
../Core/Src/stm32f1xx_it.c:146:6:DebugMon_Handler	4	static
../Core/Src/stm32f1xx_it.c:158:6:PendSV_Handler	4	static
../Core/Src/stm32f1xx_it.c:170:6:SysTick_Handler	8	static
../Core/Src/stm32f1xx_it.c:190:6:EXTI9_5_IRQHandler	8	static
../Core/Src/stm32f1xx_it.c:203:6:USART1_IRQHandler	8	static
