../Drivers/STM32F1xx_HAL_Driver/Src/stm32f1xx_hal_pwr.c:115:13:PWR_OverloadWfe	4	static,ignoring_inline_asm
../Drivers/STM32F1xx_HAL_Driver/Src/stm32f1xx_hal_pwr.c:152:6:HAL_PWR_DeInit	4	static
../Drivers/STM32F1xx_HAL_Driver/Src/stm32f1xx_hal_pwr.c:164:6:HAL_PWR_EnableBkUpAccess	4	static
../Drivers/STM32F1xx_HAL_Driver/Src/stm32f1xx_hal_pwr.c:176:6:HAL_PWR_DisableBkUpAccess	4	static
../Drivers/STM32F1xx_HAL_Driver/Src/stm32f1xx_hal_pwr.c:309:6:HAL_PWR_ConfigPVD	16	static
../Drivers/STM32F1xx_HAL_Driver/Src/stm32f1xx_hal_pwr.c:347:6:HAL_PWR_EnablePVD	4	static
../Drivers/STM32F1xx_HAL_Driver/Src/stm32f1xx_hal_pwr.c:356:6:HAL_PWR_DisablePVD	4	static
../Drivers/STM32F1xx_HAL_Driver/Src/stm32f1xx_hal_pwr.c:368:6:HAL_PWR_EnableWakeUpPin	24	static,ignoring_inline_asm
../Drivers/STM32F1xx_HAL_Driver/Src/stm32f1xx_hal_pwr.c:382:6:HAL_PWR_DisableWakeUpPin	24	static,ignoring_inline_asm
../Drivers/STM32F1xx_HAL_Driver/Src/stm32f1xx_hal_pwr.c:401:6:HAL_PWR_EnterSLEEPMode	16	static,ignoring_inline_asm
../Drivers/STM32F1xx_HAL_Driver/Src/stm32f1xx_hal_pwr.c:443:6:HAL_PWR_EnterSTOPMode	16	static,ignoring_inline_asm
../Drivers/STM32F1xx_HAL_Driver/Src/stm32f1xx_hal_pwr.c:479:6:HAL_PWR_EnterSTANDBYMode	4	static,ignoring_inline_asm
../Drivers/STM32F1xx_HAL_Driver/Src/stm32f1xx_hal_pwr.c:502:6:HAL_PWR_EnableSleepOnExit	4	static
../Drivers/STM32F1xx_HAL_Driver/Src/stm32f1xx_hal_pwr.c:513:6:HAL_PWR_DisableSleepOnExit	4	static
../Drivers/STM32F1xx_HAL_Driver/Src/stm32f1xx_hal_pwr.c:524:6:HAL_PWR_EnableSEVOnPend	4	static
../Drivers/STM32F1xx_HAL_Driver/Src/stm32f1xx_hal_pwr.c:535:6:HAL_PWR_DisableSEVOnPend	4	static
../Drivers/STM32F1xx_HAL_Driver/Src/stm32f1xx_hal_pwr.c:545:6:HAL_PWR_PVD_IRQHandler	8	static
../Drivers/STM32F1xx_HAL_Driver/Src/stm32f1xx_hal_pwr.c:560:13:HAL_PWR_PVDCallback	4	static
