../Drivers/STM32F1xx_HAL_Driver/Src/stm32f1xx_hal_adc.c:411:19:HAL_ADC_Init	32	static
../Drivers/STM32F1xx_HAL_Driver/Src/stm32f1xx_hal_adc.c:604:19:HAL_ADC_DeInit	24	static
../Drivers/STM32F1xx_HAL_Driver/Src/stm32f1xx_hal_adc.c:733:13:HAL_ADC_MspInit	16	static
../Drivers/STM32F1xx_HAL_Driver/Src/stm32f1xx_hal_adc.c:746:13:HAL_ADC_MspDeInit	16	static
../Drivers/STM32F1xx_HAL_Driver/Src/stm32f1xx_hal_adc.c:990:19:HAL_ADC_Start	24	static
../Drivers/STM32F1xx_HAL_Driver/Src/stm32f1xx_hal_adc.c:1088:19:HAL_ADC_Stop	24	static
../Drivers/STM32F1xx_HAL_Driver/Src/stm32f1xx_hal_adc.c:1130:19:HAL_ADC_PollForConversion	40	static
../Drivers/STM32F1xx_HAL_Driver/Src/stm32f1xx_hal_adc.c:1258:19:HAL_ADC_PollForEvent	32	static
../Drivers/STM32F1xx_HAL_Driver/Src/stm32f1xx_hal_adc.c:1307:19:HAL_ADC_Start_IT	24	static
../Drivers/STM32F1xx_HAL_Driver/Src/stm32f1xx_hal_adc.c:1403:19:HAL_ADC_Stop_IT	24	static
../Drivers/STM32F1xx_HAL_Driver/Src/stm32f1xx_hal_adc.c:1458:19:HAL_ADC_Start_DMA	32	static
../Drivers/STM32F1xx_HAL_Driver/Src/stm32f1xx_hal_adc.c:1584:19:HAL_ADC_Stop_DMA	24	static
../Drivers/STM32F1xx_HAL_Driver/Src/stm32f1xx_hal_adc.c:1646:10:HAL_ADC_GetValue	16	static
../Drivers/STM32F1xx_HAL_Driver/Src/stm32f1xx_hal_adc.c:1662:6:HAL_ADC_IRQHandler	24	static
../Drivers/STM32F1xx_HAL_Driver/Src/stm32f1xx_hal_adc.c:1778:13:HAL_ADC_ConvCpltCallback	16	static
../Drivers/STM32F1xx_HAL_Driver/Src/stm32f1xx_hal_adc.c:1791:13:HAL_ADC_ConvHalfCpltCallback	16	static
../Drivers/STM32F1xx_HAL_Driver/Src/stm32f1xx_hal_adc.c:1804:13:HAL_ADC_LevelOutOfWindowCallback	16	static
../Drivers/STM32F1xx_HAL_Driver/Src/stm32f1xx_hal_adc.c:1818:13:HAL_ADC_ErrorCallback	16	static
../Drivers/STM32F1xx_HAL_Driver/Src/stm32f1xx_hal_adc.c:1864:19:HAL_ADC_ConfigChannel	24	static
../Drivers/STM32F1xx_HAL_Driver/Src/stm32f1xx_hal_adc.c:1961:19:HAL_ADC_AnalogWDGConfig	16	static
../Drivers/STM32F1xx_HAL_Driver/Src/stm32f1xx_hal_adc.c:2039:10:HAL_ADC_GetState	16	static
../Drivers/STM32F1xx_HAL_Driver/Src/stm32f1xx_hal_adc.c:2049:10:HAL_ADC_GetError	16	static
../Drivers/STM32F1xx_HAL_Driver/Src/stm32f1xx_hal_adc.c:2072:19:ADC_Enable	24	static
../Drivers/STM32F1xx_HAL_Driver/Src/stm32f1xx_hal_adc.c:2125:19:ADC_ConversionStop_Disable	24	static
../Drivers/STM32F1xx_HAL_Driver/Src/stm32f1xx_hal_adc.c:2162:6:ADC_DMAConvCplt	24	static
../Drivers/STM32F1xx_HAL_Driver/Src/stm32f1xx_hal_adc.c:2205:6:ADC_DMAHalfConvCplt	24	static
../Drivers/STM32F1xx_HAL_Driver/Src/stm32f1xx_hal_adc.c:2223:6:ADC_DMAError	24	static
