../Drivers/STM32F1xx_HAL_Driver/Src/stm32f1xx_hal_tim_ex.c:139:19:HAL_TIMEx_HallSensor_Init	48	static
../Drivers/STM32F1xx_HAL_Driver/Src/stm32f1xx_hal_tim_ex.c:240:19:HAL_TIMEx_HallSensor_DeInit	16	static
../Drivers/STM32F1xx_HAL_Driver/Src/stm32f1xx_hal_tim_ex.c:284:13:HAL_TIMEx_HallSensor_MspInit	16	static
../Drivers/STM32F1xx_HAL_Driver/Src/stm32f1xx_hal_tim_ex.c:298:13:HAL_TIMEx_HallSensor_MspDeInit	16	static
../Drivers/STM32F1xx_HAL_Driver/Src/stm32f1xx_hal_tim_ex.c:312:19:HAL_TIMEx_HallSensor_Start	24	static
../Drivers/STM32F1xx_HAL_Driver/Src/stm32f1xx_hal_tim_ex.c:364:19:HAL_TIMEx_HallSensor_Stop	16	static
../Drivers/STM32F1xx_HAL_Driver/Src/stm32f1xx_hal_tim_ex.c:391:19:HAL_TIMEx_HallSensor_Start_IT	24	static
../Drivers/STM32F1xx_HAL_Driver/Src/stm32f1xx_hal_tim_ex.c:446:19:HAL_TIMEx_HallSensor_Stop_IT	16	static
../Drivers/STM32F1xx_HAL_Driver/Src/stm32f1xx_hal_tim_ex.c:478:19:HAL_TIMEx_HallSensor_Start_DMA	32	static
../Drivers/STM32F1xx_HAL_Driver/Src/stm32f1xx_hal_tim_ex.c:547:19:HAL_TIMEx_HallSensor_Stop_DMA	16	static
../Drivers/STM32F1xx_HAL_Driver/Src/stm32f1xx_hal_tim_ex.c:607:19:HAL_TIMEx_OCN_Start	24	static
../Drivers/STM32F1xx_HAL_Driver/Src/stm32f1xx_hal_tim_ex.c:652:19:HAL_TIMEx_OCN_Stop	16	static
../Drivers/STM32F1xx_HAL_Driver/Src/stm32f1xx_hal_tim_ex.c:683:19:HAL_TIMEx_OCN_Start_IT	24	static
../Drivers/STM32F1xx_HAL_Driver/Src/stm32f1xx_hal_tim_ex.c:759:19:HAL_TIMEx_OCN_Stop_IT	24	static
../Drivers/STM32F1xx_HAL_Driver/Src/stm32f1xx_hal_tim_ex.c:829:19:HAL_TIMEx_OCN_Start_DMA	32	static
../Drivers/STM32F1xx_HAL_Driver/Src/stm32f1xx_hal_tim_ex.c:950:19:HAL_TIMEx_OCN_Stop_DMA	24	static
../Drivers/STM32F1xx_HAL_Driver/Src/stm32f1xx_hal_tim_ex.c:1046:19:HAL_TIMEx_PWMN_Start	24	static
../Drivers/STM32F1xx_HAL_Driver/Src/stm32f1xx_hal_tim_ex.c:1091:19:HAL_TIMEx_PWMN_Stop	16	static
../Drivers/STM32F1xx_HAL_Driver/Src/stm32f1xx_hal_tim_ex.c:1122:19:HAL_TIMEx_PWMN_Start_IT	24	static
../Drivers/STM32F1xx_HAL_Driver/Src/stm32f1xx_hal_tim_ex.c:1198:19:HAL_TIMEx_PWMN_Stop_IT	24	static
../Drivers/STM32F1xx_HAL_Driver/Src/stm32f1xx_hal_tim_ex.c:1268:19:HAL_TIMEx_PWMN_Start_DMA	32	static
../Drivers/STM32F1xx_HAL_Driver/Src/stm32f1xx_hal_tim_ex.c:1389:19:HAL_TIMEx_PWMN_Stop_DMA	24	static
../Drivers/STM32F1xx_HAL_Driver/Src/stm32f1xx_hal_tim_ex.c:1475:19:HAL_TIMEx_OnePulseN_Start	24	static
../Drivers/STM32F1xx_HAL_Driver/Src/stm32f1xx_hal_tim_ex.c:1528:19:HAL_TIMEx_OnePulseN_Stop	24	static
../Drivers/STM32F1xx_HAL_Driver/Src/stm32f1xx_hal_tim_ex.c:1568:19:HAL_TIMEx_OnePulseN_Start_IT	24	static
../Drivers/STM32F1xx_HAL_Driver/Src/stm32f1xx_hal_tim_ex.c:1627:19:HAL_TIMEx_OnePulseN_Stop_IT	24	static
../Drivers/STM32F1xx_HAL_Driver/Src/stm32f1xx_hal_tim_ex.c:1707:19:HAL_TIMEx_ConfigCommutEvent	24	static
../Drivers/STM32F1xx_HAL_Driver/Src/stm32f1xx_hal_tim_ex.c:1761:19:HAL_TIMEx_ConfigCommutEvent_IT	24	static
../Drivers/STM32F1xx_HAL_Driver/Src/stm32f1xx_hal_tim_ex.c:1816:19:HAL_TIMEx_ConfigCommutEvent_DMA	24	static
../Drivers/STM32F1xx_HAL_Driver/Src/stm32f1xx_hal_tim_ex.c:1865:19:HAL_TIMEx_MasterConfigSynchronization	24	static
../Drivers/STM32F1xx_HAL_Driver/Src/stm32f1xx_hal_tim_ex.c:1924:19:HAL_TIMEx_ConfigBreakDeadTime	24	static
../Drivers/STM32F1xx_HAL_Driver/Src/stm32f1xx_hal_tim_ex.c:1970:19:HAL_TIMEx_RemapConfig	16	static
../Drivers/STM32F1xx_HAL_Driver/Src/stm32f1xx_hal_tim_ex.c:2003:13:HAL_TIMEx_CommutCallback	16	static
../Drivers/STM32F1xx_HAL_Driver/Src/stm32f1xx_hal_tim_ex.c:2016:13:HAL_TIMEx_CommutHalfCpltCallback	16	static
../Drivers/STM32F1xx_HAL_Driver/Src/stm32f1xx_hal_tim_ex.c:2030:13:HAL_TIMEx_BreakCallback	16	static
../Drivers/STM32F1xx_HAL_Driver/Src/stm32f1xx_hal_tim_ex.c:2062:22:HAL_TIMEx_HallSensor_GetState	16	static
../Drivers/STM32F1xx_HAL_Driver/Src/stm32f1xx_hal_tim_ex.c:2077:29:HAL_TIMEx_GetChannelNState	24	static
../Drivers/STM32F1xx_HAL_Driver/Src/stm32f1xx_hal_tim_ex.c:2106:6:TIMEx_DMACommutationCplt	24	static
../Drivers/STM32F1xx_HAL_Driver/Src/stm32f1xx_hal_tim_ex.c:2125:6:TIMEx_DMACommutationHalfCplt	24	static
../Drivers/STM32F1xx_HAL_Driver/Src/stm32f1xx_hal_tim_ex.c:2144:13:TIM_DMADelayPulseNCplt	24	static
../Drivers/STM32F1xx_HAL_Driver/Src/stm32f1xx_hal_tim_ex.c:2194:13:TIM_DMAErrorCCxN	24	static
../Drivers/STM32F1xx_HAL_Driver/Src/stm32f1xx_hal_tim_ex.c:2235:13:TIM_CCxNChannelCmd	32	static
