../Drivers/STM32F1xx_HAL_Driver/Src/stm32f1xx_hal_flash.c:166:19:HAL_FLASH_Program	48	static
../Drivers/STM32F1xx_HAL_Driver/Src/stm32f1xx_hal_flash.c:258:19:HAL_FLASH_Program_IT	32	static
../Drivers/STM32F1xx_HAL_Driver/Src/stm32f1xx_hal_flash.c:318:6:HAL_FLASH_IRQHandler	16	static
../Drivers/STM32F1xx_HAL_Driver/Src/stm32f1xx_hal_flash.c:575:13:HAL_FLASH_EndOfOperationCallback	16	static
../Drivers/STM32F1xx_HAL_Driver/Src/stm32f1xx_hal_flash.c:592:13:HAL_FLASH_OperationErrorCallback	16	static
../Drivers/STM32F1xx_HAL_Driver/Src/stm32f1xx_hal_flash.c:624:19:HAL_FLASH_Unlock	16	static
../Drivers/STM32F1xx_HAL_Driver/Src/stm32f1xx_hal_flash.c:659:19:HAL_FLASH_Lock	4	static
../Drivers/STM32F1xx_HAL_Driver/Src/stm32f1xx_hal_flash.c:675:19:HAL_FLASH_OB_Unlock	4	static
../Drivers/STM32F1xx_HAL_Driver/Src/stm32f1xx_hal_flash.c:691:19:HAL_FLASH_OB_Lock	4	static
../Drivers/STM32F1xx_HAL_Driver/Src/stm32f1xx_hal_flash.c:703:6:HAL_FLASH_OB_Launch	8	static
../Drivers/STM32F1xx_HAL_Driver/Src/stm32f1xx_hal_flash.c:731:10:HAL_FLASH_GetError	4	static
../Drivers/STM32F1xx_HAL_Driver/Src/stm32f1xx_hal_flash.c:753:13:FLASH_Program_HalfWord	16	static
../Drivers/STM32F1xx_HAL_Driver/Src/stm32f1xx_hal_flash.c:781:19:FLASH_WaitForLastOperation	24	static
../Drivers/STM32F1xx_HAL_Driver/Src/stm32f1xx_hal_flash.c:863:13:FLASH_SetErrorCode	16	static
