../Drivers/STM32F1xx_HAL_Driver/Src/stm32f1xx_hal_tim.c:271:19:HAL_TIM_Base_Init	16	static
../Drivers/STM32F1xx_HAL_Driver/Src/stm32f1xx_hal_tim.c:328:19:HAL_TIM_Base_DeInit	16	static
../Drivers/STM32F1xx_HAL_Driver/Src/stm32f1xx_hal_tim.c:370:13:HAL_TIM_Base_MspInit	16	static
../Drivers/STM32F1xx_HAL_Driver/Src/stm32f1xx_hal_tim.c:384:13:HAL_TIM_Base_MspDeInit	16	static
../Drivers/STM32F1xx_HAL_Driver/Src/stm32f1xx_hal_tim.c:398:19:HAL_TIM_Base_Start	24	static
../Drivers/STM32F1xx_HAL_Driver/Src/stm32f1xx_hal_tim.c:431:19:HAL_TIM_Base_Stop	16	static
../Drivers/STM32F1xx_HAL_Driver/Src/stm32f1xx_hal_tim.c:450:19:HAL_TIM_Base_Start_IT	24	static
../Drivers/STM32F1xx_HAL_Driver/Src/stm32f1xx_hal_tim.c:486:19:HAL_TIM_Base_Stop_IT	16	static
../Drivers/STM32F1xx_HAL_Driver/Src/stm32f1xx_hal_tim.c:510:19:HAL_TIM_Base_Start_DMA	32	static
../Drivers/STM32F1xx_HAL_Driver/Src/stm32f1xx_hal_tim.c:567:19:HAL_TIM_Base_Stop_DMA	16	static
../Drivers/STM32F1xx_HAL_Driver/Src/stm32f1xx_hal_tim.c:621:19:HAL_TIM_OC_Init	16	static
../Drivers/STM32F1xx_HAL_Driver/Src/stm32f1xx_hal_tim.c:678:19:HAL_TIM_OC_DeInit	16	static
../Drivers/STM32F1xx_HAL_Driver/Src/stm32f1xx_hal_tim.c:720:13:HAL_TIM_OC_MspInit	16	static
../Drivers/STM32F1xx_HAL_Driver/Src/stm32f1xx_hal_tim.c:734:13:HAL_TIM_OC_MspDeInit	16	static
../Drivers/STM32F1xx_HAL_Driver/Src/stm32f1xx_hal_tim.c:754:19:HAL_TIM_OC_Start	24	static
../Drivers/STM32F1xx_HAL_Driver/Src/stm32f1xx_hal_tim.c:801:19:HAL_TIM_OC_Stop	16	static
../Drivers/STM32F1xx_HAL_Driver/Src/stm32f1xx_hal_tim.c:834:19:HAL_TIM_OC_Start_IT	24	static
../Drivers/STM32F1xx_HAL_Driver/Src/stm32f1xx_hal_tim.c:914:19:HAL_TIM_OC_Stop_IT	24	static
../Drivers/STM32F1xx_HAL_Driver/Src/stm32f1xx_hal_tim.c:983:19:HAL_TIM_OC_Start_DMA	32	static
../Drivers/STM32F1xx_HAL_Driver/Src/stm32f1xx_hal_tim.c:1128:19:HAL_TIM_OC_Stop_DMA	24	static
../Drivers/STM32F1xx_HAL_Driver/Src/stm32f1xx_hal_tim.c:1223:19:HAL_TIM_PWM_Init	16	static
../Drivers/STM32F1xx_HAL_Driver/Src/stm32f1xx_hal_tim.c:1280:19:HAL_TIM_PWM_DeInit	16	static
../Drivers/STM32F1xx_HAL_Driver/Src/stm32f1xx_hal_tim.c:1322:13:HAL_TIM_PWM_MspInit	16	static
../Drivers/STM32F1xx_HAL_Driver/Src/stm32f1xx_hal_tim.c:1336:13:HAL_TIM_PWM_MspDeInit	16	static
../Drivers/STM32F1xx_HAL_Driver/Src/stm32f1xx_hal_tim.c:1356:19:HAL_TIM_PWM_Start	24	static
../Drivers/STM32F1xx_HAL_Driver/Src/stm32f1xx_hal_tim.c:1403:19:HAL_TIM_PWM_Stop	16	static
../Drivers/STM32F1xx_HAL_Driver/Src/stm32f1xx_hal_tim.c:1436:19:HAL_TIM_PWM_Start_IT	24	static
../Drivers/STM32F1xx_HAL_Driver/Src/stm32f1xx_hal_tim.c:1517:19:HAL_TIM_PWM_Stop_IT	24	static
../Drivers/STM32F1xx_HAL_Driver/Src/stm32f1xx_hal_tim.c:1586:19:HAL_TIM_PWM_Start_DMA	32	static
../Drivers/STM32F1xx_HAL_Driver/Src/stm32f1xx_hal_tim.c:1730:19:HAL_TIM_PWM_Stop_DMA	24	static
../Drivers/STM32F1xx_HAL_Driver/Src/stm32f1xx_hal_tim.c:1826:19:HAL_TIM_IC_Init	16	static
../Drivers/STM32F1xx_HAL_Driver/Src/stm32f1xx_hal_tim.c:1883:19:HAL_TIM_IC_DeInit	16	static
../Drivers/STM32F1xx_HAL_Driver/Src/stm32f1xx_hal_tim.c:1925:13:HAL_TIM_IC_MspInit	16	static
../Drivers/STM32F1xx_HAL_Driver/Src/stm32f1xx_hal_tim.c:1939:13:HAL_TIM_IC_MspDeInit	16	static
../Drivers/STM32F1xx_HAL_Driver/Src/stm32f1xx_hal_tim.c:1959:19:HAL_TIM_IC_Start	24	static
../Drivers/STM32F1xx_HAL_Driver/Src/stm32f1xx_hal_tim.c:2007:19:HAL_TIM_IC_Stop	16	static
../Drivers/STM32F1xx_HAL_Driver/Src/stm32f1xx_hal_tim.c:2036:19:HAL_TIM_IC_Start_IT	24	static
../Drivers/STM32F1xx_HAL_Driver/Src/stm32f1xx_hal_tim.c:2118:19:HAL_TIM_IC_Stop_IT	24	static
../Drivers/STM32F1xx_HAL_Driver/Src/stm32f1xx_hal_tim.c:2183:19:HAL_TIM_IC_Start_DMA	32	static
../Drivers/STM32F1xx_HAL_Driver/Src/stm32f1xx_hal_tim.c:2331:19:HAL_TIM_IC_Stop_DMA	24	static
../Drivers/STM32F1xx_HAL_Driver/Src/stm32f1xx_hal_tim.c:2429:19:HAL_TIM_OnePulse_Init	16	static
../Drivers/STM32F1xx_HAL_Driver/Src/stm32f1xx_hal_tim.c:2496:19:HAL_TIM_OnePulse_DeInit	16	static
../Drivers/STM32F1xx_HAL_Driver/Src/stm32f1xx_hal_tim.c:2540:13:HAL_TIM_OnePulse_MspInit	16	static
../Drivers/STM32F1xx_HAL_Driver/Src/stm32f1xx_hal_tim.c:2554:13:HAL_TIM_OnePulse_MspDeInit	16	static
../Drivers/STM32F1xx_HAL_Driver/Src/stm32f1xx_hal_tim.c:2573:19:HAL_TIM_OnePulse_Start	24	static
../Drivers/STM32F1xx_HAL_Driver/Src/stm32f1xx_hal_tim.c:2632:19:HAL_TIM_OnePulse_Stop	16	static
../Drivers/STM32F1xx_HAL_Driver/Src/stm32f1xx_hal_tim.c:2674:19:HAL_TIM_OnePulse_Start_IT	24	static
../Drivers/STM32F1xx_HAL_Driver/Src/stm32f1xx_hal_tim.c:2739:19:HAL_TIM_OnePulse_Stop_IT	16	static
../Drivers/STM32F1xx_HAL_Driver/Src/stm32f1xx_hal_tim.c:2817:19:HAL_TIM_Encoder_Init	32	static
../Drivers/STM32F1xx_HAL_Driver/Src/stm32f1xx_hal_tim.c:2928:19:HAL_TIM_Encoder_DeInit	16	static
../Drivers/STM32F1xx_HAL_Driver/Src/stm32f1xx_hal_tim.c:2972:13:HAL_TIM_Encoder_MspInit	16	static
../Drivers/STM32F1xx_HAL_Driver/Src/stm32f1xx_hal_tim.c:2986:13:HAL_TIM_Encoder_MspDeInit	16	static
../Drivers/STM32F1xx_HAL_Driver/Src/stm32f1xx_hal_tim.c:3005:19:HAL_TIM_Encoder_Start	24	static
../Drivers/STM32F1xx_HAL_Driver/Src/stm32f1xx_hal_tim.c:3093:19:HAL_TIM_Encoder_Stop	16	static
../Drivers/STM32F1xx_HAL_Driver/Src/stm32f1xx_hal_tim.c:3148:19:HAL_TIM_Encoder_Start_IT	24	static
../Drivers/STM32F1xx_HAL_Driver/Src/stm32f1xx_hal_tim.c:3242:19:HAL_TIM_Encoder_Stop_IT	16	static
../Drivers/STM32F1xx_HAL_Driver/Src/stm32f1xx_hal_tim.c:3301:19:HAL_TIM_Encoder_Start_DMA	32	static
../Drivers/STM32F1xx_HAL_Driver/Src/stm32f1xx_hal_tim.c:3496:19:HAL_TIM_Encoder_Stop_DMA	16	static
../Drivers/STM32F1xx_HAL_Driver/Src/stm32f1xx_hal_tim.c:3567:6:HAL_TIM_IRQHandler	16	static
../Drivers/STM32F1xx_HAL_Driver/Src/stm32f1xx_hal_tim.c:3757:19:HAL_TIM_OC_ConfigChannel	32	static
../Drivers/STM32F1xx_HAL_Driver/Src/stm32f1xx_hal_tim.c:3829:19:HAL_TIM_IC_ConfigChannel	32	static
../Drivers/STM32F1xx_HAL_Driver/Src/stm32f1xx_hal_tim.c:3911:19:HAL_TIM_PWM_ConfigChannel	32	static
../Drivers/STM32F1xx_HAL_Driver/Src/stm32f1xx_hal_tim.c:4018:19:HAL_TIM_OnePulse_ConfigChannel	56	static
../Drivers/STM32F1xx_HAL_Driver/Src/stm32f1xx_hal_tim.c:4156:19:HAL_TIM_DMABurst_WriteStart	40	static
../Drivers/STM32F1xx_HAL_Driver/Src/stm32f1xx_hal_tim.c:4207:19:HAL_TIM_DMABurst_MultiWriteStart	32	static
../Drivers/STM32F1xx_HAL_Driver/Src/stm32f1xx_hal_tim.c:4378:19:HAL_TIM_DMABurst_WriteStop	24	static
../Drivers/STM32F1xx_HAL_Driver/Src/stm32f1xx_hal_tim.c:4470:19:HAL_TIM_DMABurst_ReadStart	40	static
../Drivers/STM32F1xx_HAL_Driver/Src/stm32f1xx_hal_tim.c:4521:19:HAL_TIM_DMABurst_MultiReadStart	32	static
../Drivers/STM32F1xx_HAL_Driver/Src/stm32f1xx_hal_tim.c:4696:19:HAL_TIM_DMABurst_ReadStop	24	static
../Drivers/STM32F1xx_HAL_Driver/Src/stm32f1xx_hal_tim.c:4770:19:HAL_TIM_GenerateEvent	16	static
../Drivers/STM32F1xx_HAL_Driver/Src/stm32f1xx_hal_tim.c:4807:19:HAL_TIM_ConfigOCrefClear	32	static
../Drivers/STM32F1xx_HAL_Driver/Src/stm32f1xx_hal_tim.c:4918:19:HAL_TIM_ConfigClockSource	24	static
../Drivers/STM32F1xx_HAL_Driver/Src/stm32f1xx_hal_tim.c:5062:19:HAL_TIM_ConfigTI1Input	24	static
../Drivers/STM32F1xx_HAL_Driver/Src/stm32f1xx_hal_tim.c:5094:19:HAL_TIM_SlaveConfigSynchro	16	static
../Drivers/STM32F1xx_HAL_Driver/Src/stm32f1xx_hal_tim.c:5133:19:HAL_TIM_SlaveConfigSynchro_IT	16	static
../Drivers/STM32F1xx_HAL_Driver/Src/stm32f1xx_hal_tim.c:5174:10:HAL_TIM_ReadCapturedValue	24	static
../Drivers/STM32F1xx_HAL_Driver/Src/stm32f1xx_hal_tim.c:5253:13:HAL_TIM_PeriodElapsedCallback	16	static
../Drivers/STM32F1xx_HAL_Driver/Src/stm32f1xx_hal_tim.c:5267:13:HAL_TIM_PeriodElapsedHalfCpltCallback	16	static
../Drivers/STM32F1xx_HAL_Driver/Src/stm32f1xx_hal_tim.c:5281:13:HAL_TIM_OC_DelayElapsedCallback	16	static
../Drivers/STM32F1xx_HAL_Driver/Src/stm32f1xx_hal_tim.c:5295:13:HAL_TIM_IC_CaptureCallback	16	static
../Drivers/STM32F1xx_HAL_Driver/Src/stm32f1xx_hal_tim.c:5309:13:HAL_TIM_IC_CaptureHalfCpltCallback	16	static
../Drivers/STM32F1xx_HAL_Driver/Src/stm32f1xx_hal_tim.c:5323:13:HAL_TIM_PWM_PulseFinishedCallback	16	static
../Drivers/STM32F1xx_HAL_Driver/Src/stm32f1xx_hal_tim.c:5337:13:HAL_TIM_PWM_PulseFinishedHalfCpltCallback	16	static
../Drivers/STM32F1xx_HAL_Driver/Src/stm32f1xx_hal_tim.c:5351:13:HAL_TIM_TriggerCallback	16	static
../Drivers/STM32F1xx_HAL_Driver/Src/stm32f1xx_hal_tim.c:5365:13:HAL_TIM_TriggerHalfCpltCallback	16	static
../Drivers/STM32F1xx_HAL_Driver/Src/stm32f1xx_hal_tim.c:5379:13:HAL_TIM_ErrorCallback	16	static
../Drivers/STM32F1xx_HAL_Driver/Src/stm32f1xx_hal_tim.c:5925:22:HAL_TIM_Base_GetState	16	static
../Drivers/STM32F1xx_HAL_Driver/Src/stm32f1xx_hal_tim.c:5934:22:HAL_TIM_OC_GetState	16	static
../Drivers/STM32F1xx_HAL_Driver/Src/stm32f1xx_hal_tim.c:5943:22:HAL_TIM_PWM_GetState	16	static
../Drivers/STM32F1xx_HAL_Driver/Src/stm32f1xx_hal_tim.c:5952:22:HAL_TIM_IC_GetState	16	static
../Drivers/STM32F1xx_HAL_Driver/Src/stm32f1xx_hal_tim.c:5961:22:HAL_TIM_OnePulse_GetState	16	static
../Drivers/STM32F1xx_HAL_Driver/Src/stm32f1xx_hal_tim.c:5970:22:HAL_TIM_Encoder_GetState	16	static
../Drivers/STM32F1xx_HAL_Driver/Src/stm32f1xx_hal_tim.c:5979:23:HAL_TIM_GetActiveChannel	16	static
../Drivers/STM32F1xx_HAL_Driver/Src/stm32f1xx_hal_tim.c:5996:29:HAL_TIM_GetChannelState	24	static
../Drivers/STM32F1xx_HAL_Driver/Src/stm32f1xx_hal_tim.c:6013:30:HAL_TIM_DMABurstState	16	static
../Drivers/STM32F1xx_HAL_Driver/Src/stm32f1xx_hal_tim.c:6038:6:TIM_DMAError	24	static
../Drivers/STM32F1xx_HAL_Driver/Src/stm32f1xx_hal_tim.c:6072:13:TIM_DMADelayPulseCplt	24	static
../Drivers/STM32F1xx_HAL_Driver/Src/stm32f1xx_hal_tim.c:6122:6:TIM_DMADelayPulseHalfCplt	24	static
../Drivers/STM32F1xx_HAL_Driver/Src/stm32f1xx_hal_tim.c:6152:6:TIM_DMACaptureCplt	24	static
../Drivers/STM32F1xx_HAL_Driver/Src/stm32f1xx_hal_tim.c:6210:6:TIM_DMACaptureHalfCplt	24	static
../Drivers/STM32F1xx_HAL_Driver/Src/stm32f1xx_hal_tim.c:6240:13:TIM_DMAPeriodElapsedCplt	24	static
../Drivers/STM32F1xx_HAL_Driver/Src/stm32f1xx_hal_tim.c:6260:13:TIM_DMAPeriodElapsedHalfCplt	24	static
../Drivers/STM32F1xx_HAL_Driver/Src/stm32f1xx_hal_tim.c:6276:13:TIM_DMATriggerCplt	24	static
../Drivers/STM32F1xx_HAL_Driver/Src/stm32f1xx_hal_tim.c:6296:13:TIM_DMATriggerHalfCplt	24	static
../Drivers/STM32F1xx_HAL_Driver/Src/stm32f1xx_hal_tim.c:6313:6:TIM_Base_SetConfig	24	static
../Drivers/STM32F1xx_HAL_Driver/Src/stm32f1xx_hal_tim.c:6358:13:TIM_OC1_SetConfig	32	static
../Drivers/STM32F1xx_HAL_Driver/Src/stm32f1xx_hal_tim.c:6432:6:TIM_OC2_SetConfig	32	static
../Drivers/STM32F1xx_HAL_Driver/Src/stm32f1xx_hal_tim.c:6506:13:TIM_OC3_SetConfig	32	static
../Drivers/STM32F1xx_HAL_Driver/Src/stm32f1xx_hal_tim.c:6579:13:TIM_OC4_SetConfig	32	static
../Drivers/STM32F1xx_HAL_Driver/Src/stm32f1xx_hal_tim.c:6639:26:TIM_SlaveTimer_SetConfig	32	static
../Drivers/STM32F1xx_HAL_Driver/Src/stm32f1xx_hal_tim.c:6761:6:TIM_TI1_SetConfig	32	static
../Drivers/STM32F1xx_HAL_Driver/Src/stm32f1xx_hal_tim.c:6804:13:TIM_TI1_ConfigInputStage	32	static
../Drivers/STM32F1xx_HAL_Driver/Src/stm32f1xx_hal_tim.c:6847:13:TIM_TI2_SetConfig	32	static
../Drivers/STM32F1xx_HAL_Driver/Src/stm32f1xx_hal_tim.c:6886:13:TIM_TI2_ConfigInputStage	32	static
../Drivers/STM32F1xx_HAL_Driver/Src/stm32f1xx_hal_tim.c:6928:13:TIM_TI3_SetConfig	32	static
../Drivers/STM32F1xx_HAL_Driver/Src/stm32f1xx_hal_tim.c:6974:13:TIM_TI4_SetConfig	32	static
../Drivers/STM32F1xx_HAL_Driver/Src/stm32f1xx_hal_tim.c:7016:13:TIM_ITRx_SetConfig	24	static
../Drivers/STM32F1xx_HAL_Driver/Src/stm32f1xx_hal_tim.c:7045:6:TIM_ETR_SetConfig	32	static
../Drivers/STM32F1xx_HAL_Driver/Src/stm32f1xx_hal_tim.c:7075:6:TIM_CCxChannelCmd	32	static
